# GitHub Contribution Booster Log
# Automatically generated entries tracking daily contribution pulses
2026-08-10T20:13:28.338Z | Commit 1/42 | style: touch up tracking timestamps [1/42] (bzullg)
2026-08-10T20:13:29.349Z | Commit 2/42 | docs: record daily status pulse [2/42] (r0ej4r)
2026-08-10T20:13:30.349Z | Commit 3/42 | fix: refresh contribution pulse record [3/42] (w9xb0l)
2026-08-10T20:13:31.350Z | Commit 4/42 | perf: optimize activity state register [4/42] (ak7n76)
2026-08-10T20:13:32.350Z | Commit 5/42 | refactor: update automated tracking data [5/42] (hfkm2x)
2026-08-10T20:13:33.350Z | Commit 6/42 | fix: refresh contribution pulse record [6/42] (pp1r05)
2026-08-10T20:13:34.351Z | Commit 7/42 | feat: update daily activity log entry [7/42] (5wdr1z)
2026-08-10T20:13:35.353Z | Commit 8/42 | feat: update daily activity log entry [8/42] (8c4mnv)
2026-08-10T20:13:36.353Z | Commit 9/42 | chore: sync contribution metrics checkpoint [9/42] (xwyr43)
2026-08-10T20:13:37.354Z | Commit 10/42 | perf: optimize activity state register [10/42] (11mp98)
2026-08-10T20:13:38.354Z | Commit 11/42 | docs: record daily status pulse [11/42] (33fzng)
2026-08-10T20:13:39.354Z | Commit 12/42 | feat: update daily activity log entry [12/42] (y8jw86)
2026-08-10T20:13:40.355Z | Commit 13/42 | fix: refresh contribution pulse record [13/42] (ioppp6)
2026-08-10T20:13:41.355Z | Commit 14/42 | style: touch up tracking timestamps [14/42] (a71oja)
2026-08-10T20:13:42.355Z | Commit 15/42 | docs: record daily status pulse [15/42] (88axu8)
2026-08-10T20:13:43.355Z | Commit 16/42 | perf: optimize activity state register [16/42] (syazuu)
2026-08-10T20:13:44.356Z | Commit 17/42 | chore: sync contribution metrics checkpoint [17/42] (691wx3)
2026-08-10T20:13:45.356Z | Commit 18/42 | style: touch up tracking timestamps [18/42] (yarztg)
2026-08-10T20:13:46.356Z | Commit 19/42 | docs: record daily status pulse [19/42] (70o85n)
2026-08-10T20:13:47.357Z | Commit 20/42 | refactor: update automated tracking data [20/42] (93tjel)
2026-08-10T20:13:48.357Z | Commit 21/42 | fix: refresh contribution pulse record [21/42] (4uy09n)
2026-08-10T20:13:49.357Z | Commit 22/42 | style: touch up tracking timestamps [22/42] (dmfobf)
2026-08-10T20:13:50.358Z | Commit 23/42 | chore: sync contribution metrics checkpoint [23/42] (yzaq4v)
2026-08-10T20:13:51.358Z | Commit 24/42 | feat: update daily activity log entry [24/42] (bm4cq7)
2026-08-10T20:13:52.358Z | Commit 25/42 | perf: optimize activity state register [25/42] (cvj261)
2026-08-10T20:13:53.359Z | Commit 26/42 | feat: update daily activity log entry [26/42] (r3bk2t)
2026-08-10T20:13:54.359Z | Commit 27/42 | refactor: update automated tracking data [27/42] (1xckw5)
2026-08-10T20:13:55.359Z | Commit 28/42 | docs: record daily status pulse [28/42] (1hef07)
2026-08-10T20:13:56.359Z | Commit 29/42 | docs: record daily status pulse [29/42] (9ym2z6)
2026-08-10T20:13:57.360Z | Commit 30/42 | perf: optimize activity state register [30/42] (wsyty3)
2026-08-10T20:13:58.360Z | Commit 31/42 | perf: optimize activity state register [31/42] (m1pf4s)
2026-08-10T20:13:59.360Z | Commit 32/42 | fix: refresh contribution pulse record [32/42] (grb46m)
2026-08-10T20:14:00.360Z | Commit 33/42 | refactor: update automated tracking data [33/42] (iq1yzv)
2026-08-10T20:14:01.361Z | Commit 34/42 | feat: update daily activity log entry [34/42] (ioijmf)
2026-08-10T20:14:02.361Z | Commit 35/42 | docs: record daily status pulse [35/42] (njha8k)
2026-08-10T20:14:03.361Z | Commit 36/42 | perf: optimize activity state register [36/42] (ufsx80)
2026-08-10T20:14:04.361Z | Commit 37/42 | docs: record daily status pulse [37/42] (ixp2p0)
2026-08-10T20:14:05.362Z | Commit 38/42 | perf: optimize activity state register [38/42] (354h2u)
2026-08-10T20:14:06.362Z | Commit 39/42 | refactor: update automated tracking data [39/42] (mql4pi)
2026-08-10T20:14:07.362Z | Commit 40/42 | chore: sync contribution metrics checkpoint [40/42] (vxkfm6)
2026-08-10T20:14:08.362Z | Commit 41/42 | chore: sync contribution metrics checkpoint [41/42] (r0wwv5)
2026-08-10T20:14:09.363Z | Commit 42/42 | feat: update daily activity log entry [42/42] (tisqm6)
2026-08-10T20:13:30.399Z | Commit 1/15 | perf: optimize activity state register [1/15] (6xgnca)
2026-08-10T20:13:31.402Z | Commit 2/15 | chore: sync contribution metrics checkpoint [2/15] (g35osj)
2026-08-10T20:13:32.402Z | Commit 3/15 | docs: record daily status pulse [3/15] (8vpu68)
2026-08-10T20:13:33.402Z | Commit 4/15 | fix: refresh contribution pulse record [4/15] (xsbbur)
2026-08-10T20:13:34.403Z | Commit 5/15 | chore: sync contribution metrics checkpoint [5/15] (8sz04i)
2026-08-10T20:13:35.403Z | Commit 6/15 | chore: sync contribution metrics checkpoint [6/15] (cdozeb)
2026-08-10T20:13:36.403Z | Commit 7/15 | docs: record daily status pulse [7/15] (0spb30)
2026-08-10T20:13:37.404Z | Commit 8/15 | perf: optimize activity state register [8/15] (38bbke)
2026-08-10T20:13:38.404Z | Commit 9/15 | feat: update daily activity log entry [9/15] (yuzgfo)
2026-08-10T20:13:39.404Z | Commit 10/15 | perf: optimize activity state register [10/15] (wa76oa)
2026-08-10T20:13:40.405Z | Commit 11/15 | chore: sync contribution metrics checkpoint [11/15] (tzpi77)
2026-08-10T20:13:41.405Z | Commit 12/15 | style: touch up tracking timestamps [12/15] (6xjjx3)
2026-08-10T20:13:42.405Z | Commit 13/15 | style: touch up tracking timestamps [13/15] (4kgchz)
2026-08-10T20:13:43.405Z | Commit 14/15 | docs: record daily status pulse [14/15] (yl0v38)
2026-08-10T20:13:44.406Z | Commit 15/15 | fix: refresh contribution pulse record [15/15] (fslqaj)
